.next/dev/types/validator.ts(351,31): error TS2344: Type 'typeof import("D:/Tool/Cham-Cong/app/api/leave-requests/[id]/route")' does not satisfy the constraint 'RouteHandlerConfig<"/api/leave-requests/[id]">'.
  Types of property 'GET' are incompatible.
    Type '(request: NextRequest, { params }: { params: { id: string; }; }) => Promise<NextResponse<{ data: LeaveRequestWithEmployee; }> | NextResponse<{ error: any; }>>' is not assignable to type '(request: NextRequest, context: { params: Promise<{ id: string; }>; }) => void | Response | Promise<void | Response>'.
      Types of parameters '__1' and 'context' are incompatible.
        Type '{ params: Promise<{ id: string; }>; }' is not assignable to type '{ params: { id: string; }; }'.
          Types of property 'params' are incompatible.
            Property 'id' is missing in type 'Promise<{ id: string; }>' but required in type '{ id: string; }'.
.next/types/validator.ts(351,31): error TS2344: Type 'typeof import("D:/Tool/Cham-Cong/app/api/leave-requests/[id]/route")' does not satisfy the constraint 'RouteHandlerConfig<"/api/leave-requests/[id]">'.
  Types of property 'GET' are incompatible.
    Type '(request: NextRequest, { params }: { params: { id: string; }; }) => Promise<NextResponse<{ data: LeaveRequestWithEmployee; }> | NextResponse<{ error: any; }>>' is not assignable to type '(request: NextRequest, context: { params: Promise<{ id: string; }>; }) => void | Response | Promise<void | Response>'.
      Types of parameters '__1' and 'context' are incompatible.
        Type '{ params: Promise<{ id: string; }>; }' is not assignable to type '{ params: { id: string; }; }'.
          Types of property 'params' are incompatible.
            Property 'id' is missing in type 'Promise<{ id: string; }>' but required in type '{ id: string; }'.
components/org-chart/custom-node.tsx(38,17): error TS2322: Type 'unknown' is not assignable to type 'ReactNode'.
components/org-chart/custom-node.tsx(40,25): error TS2322: Type '{}' is not assignable to type 'ReactNode'.
components/reports/report-history.tsx(44,78): error TS2367: This comparison appears to be unintentional because the types '"weekly" | "monthly"' and '"makeup"' have no overlap.
components/reports/report-history.tsx(324,50): error TS2367: This comparison appears to be unintentional because the types '"daily" | "weekly" | "monthly"' and '"makeup"' have no overlap.
